// Jest Snapshot v1, https://goo.gl/fbAQLP

exports[`Pagination matches snapshot 1`] = `
<div
  className="pagination"
>
  <div
    className="pagination__prev"
    onClick={[Function]}
  >
    <svg
      aria-hidden="true"
      className="svg-inline--fa fa-chevron-left "
      data-icon="chevron-left"
      data-prefix="fas"
      focusable="false"
      role="img"
      style={Object {}}
      viewBox="0 0 320 512"
      xmlns="http://www.w3.org/2000/svg"
    >
      <path
        d="M224 480c-8.188 0-16.38-3.125-22.62-9.375l-192-192c-12.5-12.5-12.5-32.75 0-45.25l192-192c12.5-12.5 32.75-12.5 45.25 0s12.5 32.75 0 45.25L77.25 256l169.4 169.4c12.5 12.5 12.5 32.75 0 45.25C240.4 476.9 232.2 480 224 480z"
        fill="currentColor"
        style={Object {}}
      />
    </svg>
  </div>
</div>
`;
